// Jest Snapshot v1, https://goo.gl/fbAQLP

exports[`renders handles errors correctly 1`] = `
<DocumentFragment>
  <div
    data-testid="container_connection_result"
  >
    <div>
      Leanne Graham
    </div>
    <div>
      Ervin Howell
    </div>
  </div>
</DocumentFragment>
`;
